a0000000 A load_address
a0000000 T _reset
a0000020 T _vector
a0000040 t _svc
a0000040 t _undef
a0000044 t _dabort
a0000044 t _fiq
a0000044 t _irq
a0000044 t _pabort
a0000048 T _setup_sctlr
a0000080 T main
a00001a8 T vApplicationTickHook
a00001ac T vApplicationIdleHook
a00001b0 t em_Check
a0000224 t em_Check2
a0000298 t em_Check3
a000030c t vCheckTask
a000031c t prvSetupHardware
a000039c T vApplicationMallocFailedHook
a00003a4 t write
a00003c4 t read
a00003e0 T gicd_enable_irq_forwarding
a00003f8 T gicd_disable_irq_forwarding
a0000410 T write_GICD_CTLR
a0000438 T read_GICD_CTLR
a0000454 T write_GICD_TYPER
a000047c T read_GICD_TYPER
a0000498 T write_GICD_IIDR
a00004c0 T read_GICD_IIDR
a00004dc T gicd_set_enable_irq
a0000540 T gicd_clr_enable_irq
a00005a4 T write_GICD_ISENABLER
a00005e4 T write_GICD_ICENABLER
a0000624 T read_GICD_ISENABLER
a000065c T read_GICD_ICENABLER
a0000694 T gicd_set_pending_irq
a0000720 T gicd_clr_pending_irq
a00007ac T write_GICD_ISPENDR
a00007ec T write_GICD_ICPENDR
a000082c T read_GICD_ISPENDR
a0000864 T read_GICD_ICPENDR
a000089c T gicd_set_active_irq
a0000928 T gicd_clr_active_irq
a00009b4 T write_GICD_ISACTIVER
a00009f4 T write_GICD_ICACTIVER
a0000a34 T read_GICD_ISACTIVER
a0000a6c T read_GICD_ICACTIVER
a0000aa4 T gicd_set_priority_irq
a0000b60 T write_GICD_IPRIORITYR
a0000ba0 T read_GICD_IPRIORITYR
a0000bd8 T gicd_set_target_irq
a0000c74 T gicd_clr_target_irq
a0000d14 T write_GICD_ITARGETSR
a0000d54 T read_GICD_ITARGETSR
a0000d8c T write_GICD_ICFGR
a0000dcc T read_GICD_ICFGR
a0000e04 T gicd_send_sgi_to_cpu
a0000e50 T gicd_send_sgi_to_cpu_list
a0000e98 T write_GICD_SGIR
a0000ec0 T read_GICD_SGIR
a0000edc T write_GICD_CPENDSGIR
a0000f1c T write_GICD_SPENDSGIR
a0000f5c T read_GICD_CPENDSGIR
a0000f94 T read_GICD_SPENDSGIR
a0000fcc T read_GICC_CTLR
a0000fe8 T write_GICC_CTLR
a0001010 T gicc_enable_cpu_interface
a000103c T gicc_disable_cpu_interface
a0001068 T gicc_eoi_mode
a00010b8 T read_GICC_PMR
a00010d4 T write_GICC_PMR
a00010fc T gicc_set_priority_register
a0001120 T read_GICC_BPR
a000113c T write_GICC_BPR
a0001164 T gicc_set_binary_point_register
a0001188 T read_GICC_IAR
a00011a4 T gicc_ack_irq
a00011e8 T write_GICC_EOIR
a0001210 T gicc_eoied_irq
a0001260 T read_GICC_RPR
a000127c T gicc_running_priority
a0001294 T read_GICC_HPPIR
a00012b0 T gicc_highest_prio_irq
a00012ec T write_GICC_APR
a000132c T read_GICC_APR
a0001364 T write_GICC_NSAPR
a00013a4 T read_GICC_NSAPR
a00013dc T read_GICC_IIDR
a00013f8 T write_GICC_DIR
a0001420 T gicc_deactivate_irq
a0001470 t get_CNTFRQ
a000148c t get_CNTPCT
a00014dc t get_CNTV_CTL
a00014f8 t set_CNTV_CTL
a0001510 t em_get_CNTV_CTL
a000152c t em_set_CNTV_CTL
a0001544 t get_CNTVCT
a0001594 t set_CNTV_CVAL
a00015d0 t get_MPIDR
a00015ec T get_cpuid
a0001604 T gt_get_clock_freq
a0001618 T gt_get_virtual_count
a0001634 T gt_get_physical_count
a0001650 T gt_disable_virtual_timer
a000167c T gt_enable_virtual_timer
a00016a8 T gt_is_virtual_timer_irq_asserted
a00016c4 T gt_mask_virtual_timer
a00016f0 T gt_unmask_virtual_timer
a000171c T gt_set_virtual_timer_deadline
a0001754 T gt_get_cntv_ctl
a0001768 t serial_err_check
a00017bc T uart_tx_char
a0001824 T uart_out_char_check_CR
a000185c T uart_out_str
a00018bc T uart_out_str_check_CR
a000191c T serial_getc_dev
a0001984 T uart_rx_char
a0001990 T uart_init
a0001998 T putc
a00019c4 T putx
a00019f0 T printf
a0001a5c T em_printf
a0001ac8 T getc
a0001adc T gets
a0001bb4 T serial_gets
a0001c18 t __tolower
a0001c6c t __toupper
a0001cc0 T strnicmp
a0001dc0 T strcpy
a0001e14 T strncpy
a0001e80 T strcat
a0001ef4 T strncat
a0001fa0 T strcmp
a000200c T strncmp
a0002098 T strchr
a00020f4 T strlen
a000213c T strrchr
a00021b0 T strnlen
a0002210 T strspn
a00022c4 T strpbrk
a0002350 T strtok
a000244c T strsep
a00024c8 T memset
a0002520 T bcopy
a0002580 T memcpy
a00025e8 T memmove
a00026c4 T memcmp
a000275c T memscan
a00027cc T strstr
a0002874 T memchr
a00028e0 T UpperStr
a0002934 T LowerStr
a0002988 T strtoul
a0002b98 T itoa
a0002d34 t skip_atoi
a0002dc8 t number
a00031c4 T vsprintf
a0003970 T sprintf
a00039b8 T xCoRoutineCreate
a0003b40 T vCoRoutineAddToDelayedList
a0003c50 t prvCheckPendingReadyList
a0003d34 t prvCheckDelayedList
a0003f68 T vCoRoutineSchedule
a00040d8 t prvInitialiseCoRoutineLists
a00041ac T xCoRoutineRemoveFromEventList
a000424c T vListInitialise
a00042a4 T vListInitialiseItem
a00042c0 T vListInsertEnd
a0004348 T vListInsert
a0004410 T vListRemove
a0004498 T xQueueCreate
a00045e0 T xQueueCreateMutex
a00046b0 T xQueueGiveMutexRecursive
a0004730 T xQueueTakeMutexRecursive
a00047c0 T xQueueCreateCountingSemaphore
a0004808 T xQueueGenericSend
a0004a00 T xQueueGenericSendFromISR
a0004adc T xQueueGenericReceive
a0004da4 T xQueueReceiveFromISR
a0004e84 T uxQueueMessagesWaiting
a0004eb4 T uxQueueMessagesWaitingFromISR
a0004ed8 T vQueueDelete
a0004f04 t prvCopyDataToQueue
a0005060 t prvCopyDataFromQueue
a00050ec t prvUnlockQueue
a00051e8 t prvIsQueueEmpty
a0005228 T xQueueIsQueueEmptyFromISR
a000525c t prvIsQueueFull
a00052a4 T xQueueIsQueueFullFromISR
a00052e0 T vQueueWaitForMessageRestricted
a0005364 T xTaskGenericCreate
a0005650 T vTaskDelayUntil
a00057a4 T vTaskDelay
a000585c T uxTaskPriorityGet
a00058c0 T vTaskPrioritySet
a0005ad8 T vTaskSuspend
a0005c2c T xTaskIsTaskSuspended
a0005ca4 T vTaskResume
a0005de0 T xTaskResumeFromISR
a0005f1c T vTaskStartScheduler
a0005fcc T vTaskEndScheduler
a0005ff0 T vTaskSuspendAll
a0006018 T xTaskResumeAll
a000624c T xTaskGetTickCount
a0006280 T xTaskGetTickCountFromISR
a00062c4 T uxTaskGetNumberOfTasks
a00062dc T vTaskList
a000645c T vTaskStartTrace
a00064d8 T ulTaskEndTrace
a0006538 T vTaskIncrementTick
a00067f8 T vTaskSwitchContext
a0006a68 T vTaskPlaceOnEventList
a0006b20 T vTaskPlaceOnEventListRestricted
a0006ba0 T xTaskRemoveFromEventList
a0006ce0 T vTaskSetTimeOutState
a0006d20 T xTaskCheckForTimeOut
a0006e28 T vTaskMissedYield
a0006e40 t prvIdleTask
a0006e58 t prvInitialiseTCBVariables
a0006f1c t prvInitialiseTaskLists
a0007004 t prvCheckTasksWaitingTermination
a0007008 t prvAddCurrentTaskToDelayedList
a00070e8 t prvAllocateTCBAndStack
a0007198 t prvListTaskWithinSingleList
a00072f4 t usTaskCheckFreeStackSpace
a000734c T xTaskGetCurrentTaskHandle
a0007380 T xTaskGetSchedulerState
a00073e4 T vTaskPriorityInherit
a000753c T vTaskPriorityDisinherit
a0007624 T vTaskEnterCritical
a0007670 T vTaskExitCritical
a00076f0 T xTimerCreateTimerTask
a000777c T xTimerCreate
a0007824 T xTimerGenericCommand
a000792c t prvProcessExpiredTimer
a00079e0 t prvTimerTask
a0007a14 t prvProcessTimerOrBlockTask
a0007ae8 t prvGetNextExpireTime
a0007b68 t prvSampleTimeNow
a0007bf0 t prvInsertTimerInActiveList
a0007ce8 t prvProcessReceivedCommands
a0007e60 t prvSwitchTimerLists
a0007fc8 t prvCheckForValidListAndQueue
a0008070 T xTimerIsTimerActive
a00080b8 T pvTimerGetTimerID
a00080dc T itoa_tmp
a00081a4 T pxPortInitialiseStack
a0008274 T vPortSVCHandler
a00082a4 t pxCurrentTCBConst2
a00082ac T vPortInterruptContext
a00082f4 T vPortStartFirstTask
a0008340 T vPortSMCHandler
a0008340 T vPortYieldFromISR
a000835c T tmp_init_gicd
a00083ec T tmp_init_gicc
a0008404 T tmp_init_gtimer
a000844c T tmp_init_mct
a000849c T xPortStartScheduler
a0008514 T vPortEndScheduler
a0008518 T vPortSysTickHandler
a0008580 T vPortSysTickHandler_old
a0008654 T generic_timer_disable
a0008694 T generic_timer_enable
a00086e8 t prvSetupTimerInterrupt
a000873c T prvSetupTimerInterrupt_old
a0008a4c T vPortInstallInterruptHandler
a0008d9c T vPortGICInterruptHandler
a0008e94 T xPortSetInterruptMask
a0008ec8 T vPortClearInterruptMask
a0008ee8 T vPortUnknownInterruptHandler
a0008ef8 T _init
a0009090 T Undefined_Handler_Panic
a0009098 T Prefetch_Handler_Panic
a00090a0 T Abort_Handler_Panic
a00090a4 T pvPortMalloc
a000919c T vPortFree
a00091ac T vPortInitialiseBlocks
a00091c4 T xPortGetFreeHeapSize
a0009298 t __func__.4083
a0009328 T ulKernelPriority
a00094a8 d _GLOBAL_OFFSET_TABLE_
a00094b4 d puxFIQStackPointer
a00094b8 d puxIRQStackPointer
a00094bc d puxAbortStackPointer
a00094c0 d puxSVCStackPointer
a00094c8 D _ctype
a00095c8 d xNextTaskUnblockTime
a00095cc d uxPreviousTask
a00095d0 d ulMaxVectorId
a00095d4 D HisBuff
a00096d4 D HisCount
a00096d8 D HisIndex
a00096dc d pxReadyCoRoutineLists
a0009704 d xDelayedCoRoutineList1
a0009718 d xDelayedCoRoutineList2
a000972c d pxDelayedCoRoutineList
a0009730 d pxOverflowDelayedCoRoutineList
a0009734 d xPendingReadyCoRoutineList
a0009748 D pxCurrentCoRoutine
a000974c d uxTopCoRoutineReadyPriority
a0009750 d xCoRoutineTickCount
a0009754 d xLastTickCount
a0009758 d xPassedTicks
a000975c D pxCurrentTCB
a0009760 d pxReadyTasksLists
a0009828 d xDelayedTaskList1
a000983c d xDelayedTaskList2
a0009850 d pxDelayedTaskList
a0009854 d pxOverflowDelayedTaskList
a0009858 d xPendingReadyList
a000986c d xSuspendedTaskList
a0009880 d uxCurrentNumberOfTasks
a0009884 d xTickCount
a0009888 d uxTopUsedPriority
a000988c d uxTopReadyPriority
a0009890 d xSchedulerRunning
a0009894 d uxSchedulerSuspended
a0009898 d uxMissedTicks
a000989c d xMissedYield
a00098a0 d xNumOfOverflows
a00098a4 d uxTaskNumber
a00098a8 d pcTraceBuffer
a00098ac d pcTraceBufferStart
a00098b0 d pcTraceBufferEnd
a00098b4 d xTracing
a00098b8 d pcStatusString
a00098ec d xActiveTimerList1
a0009900 d xActiveTimerList2
a0009914 d pxCurrentTimerList
a0009918 d pxOverflowTimerList
a000991c d xTimerQueue
a0009920 d xLastTime.3958
a0009924 D pxInterruptHandlers
a0009b24 d puxFIQStack
a0009f24 d puxIRQStack
a000a324 d puxAbortStack
a000a724 d puxSVCStack
a000ab28 d xHeap
a080ab28 d xNextFreeByte
a080ab30 D ___strtok
a080ab38 D heap_low
a081ab38 D heap_top
a081bb38 D stack_top
a081cb38 D stack_irq
